#-----------------------------------------------------------
# Vivado v2025.2 (64-bit)
# SW Build 6299465 on Fri Nov 14 19:35:11 GMT 2025
# IP Build 6300035 on Fri Nov 14 10:48:45 MST 2025
# SharedData Build 6298862 on Thu Nov 13 04:50:51 MST 2025
# Start of session at: Sat May 30 14:43:41 2026
# Process ID         : 7536
# Current directory  : D:/Work and shit/Github/Files/BigDcore/Vivado projects/BlinkLED/Blink/Blink.runs/synth_1
# Command line       : vivado.exe -log BlinkLED.vds -product Vivado -mode batch -messageDb vivado.pb -notrace -source BlinkLED.tcl
# Log file           : D:/Work and shit/Github/Files/BigDcore/Vivado projects/BlinkLED/Blink/Blink.runs/synth_1/BlinkLED.vds
# Journal file       : D:/Work and shit/Github/Files/BigDcore/Vivado projects/BlinkLED/Blink/Blink.runs/synth_1\vivado.jou
# Running On         : DESKTOP-87RVPO3
# Platform           : Windows Server 2016 or Windows 10
# Operating System   : 26200
# Processor Detail   : 12th Gen Intel(R) Core(TM) i3-12100
# CPU Frequency      : 3302 MHz
# CPU Physical cores : 4
# CPU Logical cores  : 8
# Host memory        : 16920 MB
# Swap memory        : 13958 MB
# Total Virtual      : 30879 MB
# Available Virtual  : 12857 MB
#-----------------------------------------------------------
source BlinkLED.tcl -notrace
